≡ƒÜÇ Starting V1 vs V2 Parser Comparison Test
================================================================================
≡ƒöæ SHYFT API Key: _Lulx-rD...
≡ƒæÇ Monitoring 5 whale addresses

≡ƒöì Fetching recent transactions from SHYFT API...
   Fetching for GJRYBLa6...
   Γ£à Fetched 0 transactions
   Fetching for C3TdUaDV...
   Γ£à Fetched 0 transactions
   Fetching for ruok2pyb...
   Γ£à Fetched 20 transactions
   Fetching for CWaTfG6y...
   Γ£à Fetched 0 transactions
   Fetching for 5Q544fKr...
