≡ƒÜÇ Starting New Parser Live Test
This will test recent transactions from the database

Γ£à Connected to MongoDB

Found 20 recent transactions to test


================================================================================
≡ƒöì Testing Transaction: 4oPnWaJQNfWs6YNNjdnr7DPxKdbYE8jXRHPVeoXy7LbtyaRtxnrTjut9RwydEuUqBBzSwV4K1dxAW1fSKRyfp3mJ
================================================================================

≡ƒôè Testing with NEW SHYFT Parser:
Γ£à NEW PARSER: ACCEPTED
   Side: SWAP
   Confidence: MEDIUM
   Source: token_balance_changes
   Input: EPjFWdd5... (1000)
   Output: 61Wj56Qg... (182532.319713)
   ATA Created: false

≡ƒôè What OLD Parser Would Do:
Γ£à OLD PARSER: Would ACCEPT (has balance changes)

Γ£à BOTH PARSERS AGREE: Transaction is valid

================================================================================
≡ƒöì Testing Transaction: 5KQiazVNJ3VCKhRuXPLdtXiCfcj5tzJeJeCAk7z4WQna9iBeLGQurdGfZVS96G1Sfap3MiNd1FeJ8QuLN3Kd6HxA
================================================================================

≡ƒôè Testing with NEW SHYFT Parser:
Γ£à NEW PARSER: ACCEPTED
   Side: SWAP
   Confidence: MEDIUM
   Source: token_balance_changes
   Input: EPjFWdd5... (1000)
   Output: 61Wj56Qg... (183458.712927)
   ATA Created: false

≡ƒôè What OLD Parser Would Do:
Γ£à OLD PARSER: Would ACCEPT (has balance changes)

Γ£à BOTH PARSERS AGREE: Transaction is valid

================================================================================
≡ƒöì Testing Transaction: 3tYQBPnCukJh6gLDTRqiZ5wPre9xXnGZMXr9fzQPGg3GWdzChk9bXQPM6dZuufBBnTw3znwg8c8D6GtejPsLPoAe
================================================================================

≡ƒôè Testing with NEW SHYFT Parser:
Γ£à NEW PARSER: ACCEPTED
   Side: SWAP
   Confidence: MAX
   Source: tokens_swapped
   Input: 8Jx8AAHj... (204925079034)
   Output: So111111... (106637742864)
   ATA Created: false

≡ƒôè What OLD Parser Would Do:
Γ£à OLD PARSER: Would ACCEPT (has tokens_swapped)

Γ£à BOTH PARSERS AGREE: Transaction is valid

================================================================================
≡ƒöì Testing Transaction: 4FwtQdMDz9561WS4C1Jd7Aej9esmeFfxEd9i1SD7zyDSDmWsK1P5y9KNDJJzJKokdCn6Ak9v2WeFhtJ3UyA8HSZu
================================================================================

≡ƒôè Testing with NEW SHYFT Parser:
Γ£à NEW PARSER: ACCEPTED
   Side: SWAP
   Confidence: MAX
   Source: tokens_swapped
   Input: 8Jx8AAHj... (142405550000)
   Output: So111111... (74921514882)
   ATA Created: false

≡ƒôè What OLD Parser Would Do:
Γ£à OLD PARSER: Would ACCEPT (has tokens_swapped)

Γ£à BOTH PARSERS AGREE: Transaction is valid

================================================================================
≡ƒöì Testing Transaction: 62VnDxg9eWZmqNwXdZ9Ay9ujeZ8dh8JDHzCtDEVriRyNd4naRysZi8fjH1EDemeCaVuN1mQ6QEXd3oZjKHhWFXyT
================================================================================

≡ƒôè Testing with NEW SHYFT Parser:
Γ£à NEW PARSER: ACCEPTED
   Side: SWAP
   Confidence: MAX
   Source: tokens_swapped
   Input: EPjFWdd5... (1136257602)
   Output: 98sMhvDw... (38851468289)
   ATA Created: false

≡ƒôè What OLD Parser Would Do:
Γ£à OLD PARSER: Would ACCEPT (has tokens_swapped)

Γ£à BOTH PARSERS AGREE: Transaction is valid

================================================================================
≡ƒöì Testing Transaction: 3KTFvj8z7LwSWt3YdfQHtmeKpf19u9JcNr59QiPovYSW6NYE3fbvQ3tBhZDpohp8Lnn1ouGHkhNAcFhRr7faCFix
================================================================================

≡ƒôè Testing with NEW SHYFT Parser:
Γ£à NEW PARSER: ACCEPTED
   Side: SWAP
   Confidence: MAX
   Source: tokens_swapped
   Input: 8Jx8AAHj... (171073290000)
   Output: So111111... (89959530628)
   ATA Created: false

≡ƒôè What OLD Parser Would Do:
Γ£à OLD PARSER: Would ACCEPT (has tokens_swapped)

Γ£à BOTH PARSERS AGREE: Transaction is valid

================================================================================
≡ƒöì Testing Transaction: 4WZiYPYk8Hwi8AgPQzAXS1m9UDZJG8KEmCFUetvVdgmySWNityPK54mNrQhmFfvGqYBjGo1c8Kz7uRE2ByVRChMg
================================================================================

≡ƒôè Testing with NEW SHYFT Parser:
Γ£à NEW PARSER: ACCEPTED
   Side: SWAP
   Confidence: MAX
   Source: tokens_swapped
   Input: GvUUj8wp... (3574301710000)
   Output: So111111... (2500264491)
   ATA Created: false

≡ƒôè What OLD Parser Would Do:
Γ£à OLD PARSER: Would ACCEPT (has tokens_swapped)

Γ£à BOTH PARSERS AGREE: Transaction is valid

================================================================================
≡ƒöì Testing Transaction: 3ZXik1ew18szvVC9YCPiYbREq8Wv7vA6Se9oT3DrSQApMHZM3ME5Zvxr6VFFuaoPRDcYeQbjKvqbbiGfSQjgY9zv
================================================================================

≡ƒôè Testing with NEW SHYFT Parser:
Γ£à NEW PARSER: ACCEPTED
   Side: SWAP
   Confidence: MEDIUM
   Source: token_balance_changes
   Input: EPjFWdd5... (1000)
   Output: 61Wj56Qg... (184694.983881)
   ATA Created: false

≡ƒôè What OLD Parser Would Do:
Γ£à OLD PARSER: Would ACCEPT (has balance changes)

Γ£à BOTH PARSERS AGREE: Transaction is valid

================================================================================
≡ƒöì Testing Transaction: 2ezDGpwCxngxgY6RuKPM5kCSrPEQ71reeJwnRgopaqRPnNg2wwYJUuKy7FVSM6Yog4LPUdw5Dgmqzv19yxTXz4yj
================================================================================

≡ƒôè Testing with NEW SHYFT Parser:
Γ¥î NEW PARSER: REJECTED

≡ƒöì Rejection Analysis:
   Transaction Type: CHECKANDSETSEQUENCENUMBER
   Token Balance Changes: 4
   Non-zero Balance Changes: 4

   Balance Changes:
     [0] 74SBV4zD... change: 134980700000
     [1] EPjFWdd5... change: -482785937
     [2] 74SBV4zD... change: -134980700000
     [3] EPjFWdd5... change: 482785937
   Has tokens_swapped: false
   Has Swap Events: false

   ΓÜá∩╕Å  Rejection Reason: Balance changes present but parser logic rejected (check SOL delta)

≡ƒôè What OLD Parser Would Do:
Γ£à OLD PARSER: Would ACCEPT (has balance changes)

ΓÜá∩╕Å  REGRESSION: Old parser would accept, new parser rejects!
   THIS IS A PROBLEM - investigate why!

================================================================================
≡ƒöì Testing Transaction: C3c9xewswE1qyghvjGn4vsNtYefXnctkBzpQPWGozB3WrSqeGs53vmBoHUmZwDLqtMi35rWxGBgzs9mQY8GBSZj
================================================================================

≡ƒôè Testing with NEW SHYFT Parser:
Γ£à NEW PARSER: ACCEPTED
   Side: SWAP
   Confidence: MEDIUM
   Source: token_balance_changes
   Input: EPjFWdd5... (1000)
   Output: 61Wj56Qg... (185665.073136)
   ATA Created: false

≡ƒôè What OLD Parser Would Do:
Γ£à OLD PARSER: Would ACCEPT (has balance changes)

Γ£à BOTH PARSERS AGREE: Transaction is valid

================================================================================
≡ƒöì Testing Transaction: 4VkE5bu3m7fr2LE2QUTA4ixSYBquYCgRmPgRzo8AgxbfcQVqK1mUz3mMbNUFRuMQpi6sqUobXT7jCWdhrzDjFjJz
================================================================================

≡ƒôè Testing with NEW SHYFT Parser:
Γ£à NEW PARSER: ACCEPTED
   Side: SWAP
   Confidence: MAX
   Source: tokens_swapped
   Input: EPjFWdd5... (1136257602)
   Output: 98sMhvDw... (38693158467)
   ATA Created: false

≡ƒôè What OLD Parser Would Do:
Γ£à OLD PARSER: Would ACCEPT (has tokens_swapped)

Γ£à BOTH PARSERS AGREE: Transaction is valid

================================================================================
≡ƒöì Testing Transaction: 2ifE8V9ufEQJHHtGiYGCEa3XozwweaALepEvqaBhYsBhEmZf5qMqwNUUaGdCjiz94444ivGvyT9Ew75XyEtC1xeP
================================================================================

≡ƒôè Testing with NEW SHYFT Parser:
Γ£à NEW PARSER: ACCEPTED
   Side: SWAP
   Confidence: MAX
   Source: tokens_swapped
   Input: GvUUj8wp... (4529075792629)
   Output: So111111... (5878503936)
   ATA Created: false

≡ƒôè What OLD Parser Would Do:
Γ£à OLD PARSER: Would ACCEPT (has tokens_swapped)

Γ£à BOTH PARSERS AGREE: Transaction is valid

================================================================================
≡ƒöì Testing Transaction: 5e8qwoYqyHLNaCkHi8soWEXQkADg4cFZtSJ1pzjMLCmJXP9xsJHPjHFRfRzpKfQW2NbFzoQDJoiLHjunmGcbr5Tk
================================================================================

≡ƒôè Testing with NEW SHYFT Parser:
Γ¥î NEW PARSER: REJECTED

≡ƒöì Rejection Analysis:
   Transaction Type: CHECKANDSETSEQUENCENUMBER
   Token Balance Changes: 4
   Non-zero Balance Changes: 4

   Balance Changes:
     [0] Dfh5DzRg... change: 2325260000
     [1] Dfh5DzRg... change: -2325260000
     [2] EPjFWdd5... change: -39960708
     [3] EPjFWdd5... change: 39960708
   Has tokens_swapped: false
   Has Swap Events: false

   ΓÜá∩╕Å  Rejection Reason: Balance changes present but parser logic rejected (check SOL delta)

≡ƒôè What OLD Parser Would Do:
Γ£à OLD PARSER: Would ACCEPT (has balance changes)

ΓÜá∩╕Å  REGRESSION: Old parser would accept, new parser rejects!
   THIS IS A PROBLEM - investigate why!

================================================================================
≡ƒöì Testing Transaction: BqH7x5RsMH5NMTUuJeGAWjw5NrtyPSWo1Aw3Az7iiCHFxbBEbHSvdCF7fsprAm3K1NVT3wAqS91mJiyh7Q9vQhU
================================================================================

≡ƒôè Testing with NEW SHYFT Parser:
Γ¥î NEW PARSER: REJECTED

≡ƒöì Rejection Analysis:
   Transaction Type: CHECKANDSETSEQUENCENUMBER
   Token Balance Changes: 4
   Non-zero Balance Changes: 4

   Balance Changes:
     [0] WLFinEv6... change: 1519090000
     [1] EPjFWdd5... change: -304327878
     [2] WLFinEv6... change: -1519090000
     [3] EPjFWdd5... change: 304327878
   Has tokens_swapped: false
   Has Swap Events: false

   ΓÜá∩╕Å  Rejection Reason: Balance changes present but parser logic rejected (check SOL delta)

≡ƒôè What OLD Parser Would Do:
Γ£à OLD PARSER: Would ACCEPT (has balance changes)

ΓÜá∩╕Å  REGRESSION: Old parser would accept, new parser rejects!
   THIS IS A PROBLEM - investigate why!

================================================================================
≡ƒöì Testing Transaction: 7SWFFymF3TnH2DLU82Dy8AA17TUmoMLLRbJcyJ4hVj8FThkSkShwLZTYuhVpxtG4AzJeT89f1b8gcp2Kf2obtt5
================================================================================

≡ƒôè Testing with NEW SHYFT Parser:
Γ£à NEW PARSER: ACCEPTED
   Side: SWAP
   Confidence: MAX
   Source: tokens_swapped
   Input: 6tVCDJP5... (231104486277)
   Output: So111111... (1455371327)
   ATA Created: false

≡ƒôè What OLD Parser Would Do:
Γ£à OLD PARSER: Would ACCEPT (has tokens_swapped)

Γ£à BOTH PARSERS AGREE: Transaction is valid

================================================================================
≡ƒöì Testing Transaction: 3cdnGH9RWuLarmTT1TffdsMRraYb59LVmd62jsmL6EPJ1Rn98Cm7XMBmzgMc8Wt3xf5noXt5boxVDGcqvobXV2ZZ
================================================================================

≡ƒôè Testing with NEW SHYFT Parser:
Γ£à NEW PARSER: ACCEPTED
   Side: SWAP
   Confidence: MAX
   Source: tokens_swapped
   Input: 6tVCDJP5... (231104486277)
   Output: So111111... (1449226208)
   ATA Created: false

≡ƒôè What OLD Parser Would Do:
Γ£à OLD PARSER: Would ACCEPT (has tokens_swapped)

Γ£à BOTH PARSERS AGREE: Transaction is valid

================================================================================
≡ƒöì Testing Transaction: 2yV2XB1pPdweDvb4r7VkEvJ6avviXkvgAFMrB82GPGyb6dUeLWzkgpRmT6fZKpNm8Tcj5e1HwphNep2xnNPz1zuh
================================================================================

≡ƒôè Testing with NEW SHYFT Parser:
Γ£à NEW PARSER: ACCEPTED
   Side: SWAP
   Confidence: MEDIUM
   Source: token_balance_changes
   Input: EPjFWdd5... (1000)
   Output: 2akXpuyF... (227747.967295)
   ATA Created: true

≡ƒôè What OLD Parser Would Do:
Γ£à OLD PARSER: Would ACCEPT (has balance changes)

Γ£à BOTH PARSERS AGREE: Transaction is valid

================================================================================
≡ƒöì Testing Transaction: 4chyPCG4USzsth6h29qQ33CCG5Hyr34JtSj3KRY9eQWoJuy4DHjRpEkH48WPpmv2hKzUPofjLBZAMoMVbwwicgQG
================================================================================

≡ƒôè Testing with NEW SHYFT Parser:
Γ£à NEW PARSER: ACCEPTED
   Side: SWAP
   Confidence: MAX
   Source: tokens_swapped
   Input: 6tVCDJP5... (231104486277)
   Output: So111111... (1701029117)
   ATA Created: false

≡ƒôè What OLD Parser Would Do:
Γ£à OLD PARSER: Would ACCEPT (has tokens_swapped)

Γ£à BOTH PARSERS AGREE: Transaction is valid

================================================================================
≡ƒöì Testing Transaction: 2ruYV1dko3rVZd3YTTW4pZJbBfVCuqUVDHvB7PNxGi3CGQRrgnNBxLiBfmVSvoL1HsLoRPyN2KHkf4RbiDrPxdJ3
================================================================================

≡ƒôè Testing with NEW SHYFT Parser:
Γ£à NEW PARSER: ACCEPTED
   Side: SWAP
   Confidence: MAX
   Source: tokens_swapped
   Input: BpG4tUaT... (7675505589424)
   Output: So111111... (1943965279)
   ATA Created: false

≡ƒôè What OLD Parser Would Do:
Γ£à OLD PARSER: Would ACCEPT (has tokens_swapped)

Γ£à BOTH PARSERS AGREE: Transaction is valid

================================================================================
≡ƒöì Testing Transaction: 6141E43Av9BuzKAaqcdzCnEifSckDRuj2tKgnycvsae5cFMU9LB7ErceKgbzR7Nz6gsAcThmZXyR2RezDSpzcQmd
================================================================================

≡ƒôè Testing with NEW SHYFT Parser:
Γ£à NEW PARSER: ACCEPTED
   Side: SWAP
   Confidence: MAX
   Source: tokens_swapped
   Input: So111111... (1975000000)
   Output: BpG4tUaT... (7675505589424)
   ATA Created: true

≡ƒôè What OLD Parser Would Do:
Γ£à OLD PARSER: Would ACCEPT (has tokens_swapped)

Γ£à BOTH PARSERS AGREE: Transaction is valid


================================================================================
≡ƒôè PARSER TEST STATISTICS
================================================================================

Total Transactions Tested: 20
Γ£à Accepted by New Parser: 17 (85.0%)
Γ¥î Rejected by New Parser: 3 (15.0%)

≡ƒôê Accepted Transactions Breakdown:

  By Confidence:
    MAX: 12 (70.6%)
    MEDIUM: 5 (29.4%)

  By Classification Source:
    tokens_swapped: 12 (70.6%)
    token_balance_changes: 5 (29.4%)

Γ¥î Rejection Reasons:
    Balance changes present but parser logic rejected (check SOL delta): 3 (100.0%)

================================================================================

≡ƒôï RECOMMENDATIONS:
Γ£à Parser acceptance rate is good (>80%)
   Safe to deploy to production

≡ƒöî Disconnected from MongoDB
